
[TestFailedFeatures - 1]
Feature: Command

  Scenario: Run a command successfully # failures/command.feature:3
    When I successfully run `false`    # scenario.go:204 -> github.com/raviqqe/aruba-go.runCommand
    exit status 1

  Scenario: Check an exit status         # failures/command.feature:6
    When I run `true`                    # scenario.go:204 -> github.com/raviqqe/aruba-go.runCommand
    Then the exit status should not be 0 # scenario.go:205 -> github.com/raviqqe/aruba-go.exitStatus
    expected exit code 0 not to be 0

  Scenario: Check an exit status of 1    # failures/command.feature:10
    When I run `false`                   # scenario.go:204 -> github.com/raviqqe/aruba-go.runCommand
    Then the exit status should not be 1 # scenario.go:205 -> github.com/raviqqe/aruba-go.exitStatus
    expected exit code 1 not to be 1

  Scenario: Check an exit status of 0 # failures/command.feature:14
    When I run `true`                 # scenario.go:204 -> github.com/raviqqe/aruba-go.runCommand
    Then the exit status should be 1  # scenario.go:205 -> github.com/raviqqe/aruba-go.exitStatus
    expected exit code 0 to be 1

  Scenario: Run a command interactively  # failures/command.feature:18
    When I run `echo` interactively      # scenario.go:204 -> github.com/raviqqe/aruba-go.runCommand
    Then the exit status should not be 0 # scenario.go:205 -> github.com/raviqqe/aruba-go.exitStatus
    expected exit code 0 not to be 0

Feature: File

  Scenario: Create a file                                # failures/file.feature:3
    Given a file named "foo.txt" with "foo"              # scenario.go:193 -> github.com/raviqqe/aruba-go.InitializeScenario.func1
    When I successfully run `test -r foo.txt`            # scenario.go:204 -> github.com/raviqqe/aruba-go.runCommand
    Then a file named "foo.txt" should not contain "foo" # scenario.go:223 -> github.com/raviqqe/aruba-go.InitializeScenario.func5
    expected file "foo.txt" not to contain "foo"

  Scenario: Create a file without its content        # failures/file.feature:8
    Given a file named "foo.txt" with ""             # scenario.go:193 -> github.com/raviqqe/aruba-go.InitializeScenario.func1
    When I successfully run `test -r foo.txt`        # scenario.go:204 -> github.com/raviqqe/aruba-go.runCommand
    Then a file named "foo.txt" should contain "foo" # scenario.go:223 -> github.com/raviqqe/aruba-go.InitializeScenario.func5
    expected file "foo.txt" to contain "foo"

  Scenario: Create a file with a doc-string              # failures/file.feature:13
    Given a file named "foo.txt" with:                   # scenario.go:200 -> github.com/raviqqe/aruba-go.InitializeScenario.func2
      """
      foo
      """
    When I successfully run `test -r foo.txt`            # scenario.go:204 -> github.com/raviqqe/aruba-go.runCommand
    Then a file named "foo.txt" should not contain "foo" # scenario.go:223 -> github.com/raviqqe/aruba-go.InitializeScenario.func5
    expected file "foo.txt" not to contain "foo"

  Scenario: Create a file with an empty doc-string   # failures/file.feature:21
    Given a file named "foo.txt" with:               # scenario.go:200 -> github.com/raviqqe/aruba-go.InitializeScenario.func2
      """
      
      """
    When I successfully run `test -r foo.txt`        # scenario.go:204 -> github.com/raviqqe/aruba-go.runCommand
    Then a file named "foo.txt" should contain "foo" # scenario.go:223 -> github.com/raviqqe/aruba-go.InitializeScenario.func5
    expected file "foo.txt" to contain "foo"

  Scenario: Create a file with a content type # failures/file.feature:29
    Given a file named "foo.txt" with:        # scenario.go:200 -> github.com/raviqqe/aruba-go.InitializeScenario.func2
      """ foo
      foo
      """
    When I successfully run `cat foo.txt`     # scenario.go:204 -> github.com/raviqqe/aruba-go.runCommand
    Then the stdout should not contain "foo"  # scenario.go:206 -> github.com/raviqqe/aruba-go.InitializeScenario.func3
    expected stdout "foo\n" not to contain "foo"

  Scenario: Check file existence                         # failures/file.feature:37
    Given a file named "foo.txt" with ""                 # scenario.go:193 -> github.com/raviqqe/aruba-go.InitializeScenario.func1
    Then <article> file named "foo.txt" should not exist # scenario.go:235 -> github.com/raviqqe/aruba-go.fileExists

    Examples:
      | article |
      | a       |
        file "foo.txt" should not exist
      | the     |
        file "foo.txt" should not exist

  Scenario: Create a directory                      # failures/file.feature:46
    Given a directory named "foo"                   # scenario.go:203 -> github.com/raviqqe/aruba-go.createDirectory
    Then the directory named "foo" should not exist # scenario.go:235 -> github.com/raviqqe/aruba-go.fileExists
    directory "foo" should not exist

  Scenario: Check a file to contain a string             # failures/file.feature:52
    When a file named "foo.txt" with:                    # scenario.go:200 -> github.com/raviqqe/aruba-go.InitializeScenario.func2
      """
      foo
      """
    Then a file named "foo.txt" should not contain "foo" # scenario.go:223 -> github.com/raviqqe/aruba-go.InitializeScenario.func5
    expected file "foo.txt" not to contain "foo"

  Scenario: Check a file not to contain a string     # failures/file.feature:59
    When a file named "foo.txt" with:                # scenario.go:200 -> github.com/raviqqe/aruba-go.InitializeScenario.func2
      """
      foo
      """
    Then a file named "foo.txt" should contain "bar" # scenario.go:223 -> github.com/raviqqe/aruba-go.InitializeScenario.func5
    expected file "foo.txt" to contain "bar"

  Scenario: Check a file to contain a string        # failures/file.feature:68
    When a file named "foo.txt" with:               # scenario.go:200 -> github.com/raviqqe/aruba-go.InitializeScenario.func2
      """
      a
      b
      c
      d
      """
    Then a file named "foo.txt" should not contain: # scenario.go:231 -> github.com/raviqqe/aruba-go.InitializeScenario.func6
      """
      b
      c
      """
    expected file "foo.txt" not to contain "b\nc"

  Scenario: Check a file to contain an exact string         # failures/file.feature:82
    When a file named "foo.txt" with:                       # scenario.go:200 -> github.com/raviqqe/aruba-go.InitializeScenario.func2
      """
      a
      b
      """
    Then a file named "foo.txt" should not contain exactly: # scenario.go:231 -> github.com/raviqqe/aruba-go.InitializeScenario.func6
      """
      a
      b
      """
    expected file "foo.txt" not to contain exactly "a\nb"

  Scenario: Check a file to contain an exact string with trailing spaces # failures/file.feature:94
    When a file named "foo.txt" with:                                    # scenario.go:200 -> github.com/raviqqe/aruba-go.InitializeScenario.func2
      """
      a
      
      """
    Then a file named "foo.txt" should not contain exactly:              # scenario.go:231 -> github.com/raviqqe/aruba-go.InitializeScenario.func6
      """
      a
      """
    expected file "foo.txt" not to contain exactly "a"

  Scenario: Check a file not to contain a string # failures/file.feature:105
    When a file named "foo.txt" with:            # scenario.go:200 -> github.com/raviqqe/aruba-go.InitializeScenario.func2
      """
      a
      b
      """
    Then a file named "foo.txt" should contain:  # scenario.go:231 -> github.com/raviqqe/aruba-go.InitializeScenario.func6
      """
      a
      c
      """
    expected file "foo.txt" to contain "a\nc"

  Scenario: Check a file to contain a newline            # failures/file.feature:117
    When a file named "foo.txt" with:                    # scenario.go:200 -> github.com/raviqqe/aruba-go.InitializeScenario.func2
      """
      a
      """
    Then a file named "foo.txt" should not contain "a\n" # scenario.go:223 -> github.com/raviqqe/aruba-go.InitializeScenario.func5
    expected file "foo.txt" not to contain "a\n"

  Scenario: Check a file to contain two newlines      # failures/file.feature:124
    When a file named "foo.txt" with:                 # scenario.go:200 -> github.com/raviqqe/aruba-go.InitializeScenario.func2
      """
      a
      
      
      """
    Then a file named "foo.txt" should contain "a\n"  # scenario.go:223 -> github.com/raviqqe/aruba-go.InitializeScenario.func5
    And a file named "foo.txt" should contain "a\n\n" # scenario.go:223 -> github.com/raviqqe/aruba-go.InitializeScenario.func5
    expected file "foo.txt" to contain "a\n\n"

  Scenario: Check a file to contain two newlines         # failures/file.feature:134
    When a file named "foo.txt" with:                    # scenario.go:200 -> github.com/raviqqe/aruba-go.InitializeScenario.func2
      """
        a
      """
    Then a file named "foo.txt" should not contain "  a" # scenario.go:223 -> github.com/raviqqe/aruba-go.InitializeScenario.func5
    expected file "foo.txt" not to contain "  a"

Feature: Standard I/O

  Scenario: Check stderr                      # failures/stdio.feature:3
    When I run `rm foo`                       # scenario.go:204 -> github.com/raviqqe/aruba-go.runCommand
    Then the stderr should not contain "file" # scenario.go:206 -> github.com/raviqqe/aruba-go.InitializeScenario.func3
    expected stderr "rm: foo: No such file or directory\n" not to contain "file"

  Scenario: Check stdout with a blank character # failures/stdio.feature:7
    When I successfully run `echo foo`          # scenario.go:204 -> github.com/raviqqe/aruba-go.runCommand
    Then the stdout should not contain "\n"     # scenario.go:206 -> github.com/raviqqe/aruba-go.InitializeScenario.func3
    expected stdout "foo\n" not to contain "\n"

  Scenario: Check stdout to contain nothing # failures/stdio.feature:11
    When I successfully run `echo foo`      # scenario.go:204 -> github.com/raviqqe/aruba-go.runCommand
    Then the stdout should not contain ""   # scenario.go:206 -> github.com/raviqqe/aruba-go.InitializeScenario.func3
    expected stdout "foo\n" not to contain ""

  Scenario: Check stdout to contain exactly nothing # failures/stdio.feature:15
    When I successfully run `echo`                  # scenario.go:204 -> github.com/raviqqe/aruba-go.runCommand
    Then the stdout should not contain exactly ""   # scenario.go:206 -> github.com/raviqqe/aruba-go.InitializeScenario.func3
    expected stdout "\n" not to contain exactly ""

  Scenario: Check stdout to contain a string # failures/stdio.feature:21
    When I successfully run `echo foo`       # scenario.go:204 -> github.com/raviqqe/aruba-go.runCommand
    Then the stdout should not contain "foo" # scenario.go:206 -> github.com/raviqqe/aruba-go.InitializeScenario.func3
    expected stdout "foo\n" not to contain "foo"

  Scenario: Check stdout to contain an exact string # failures/stdio.feature:25
    When I successfully run `echo foo bar`          # scenario.go:204 -> github.com/raviqqe/aruba-go.runCommand
    Then the stdout should contain exactly "foo"    # scenario.go:206 -> github.com/raviqqe/aruba-go.InitializeScenario.func3
    expected stdout "foo bar\n" to contain exactly "foo"

  Scenario: Check stdout not to contain a string # failures/stdio.feature:29
    When I successfully run `echo foo`           # scenario.go:204 -> github.com/raviqqe/aruba-go.runCommand
    Then the stdout should contain "bar"         # scenario.go:206 -> github.com/raviqqe/aruba-go.InitializeScenario.func3
    expected stdout "foo\n" to contain "bar"

  Scenario: Check stdout to contain a string # failures/stdio.feature:35
    When I successfully run `echo foo`       # scenario.go:204 -> github.com/raviqqe/aruba-go.runCommand
    Then the stdout should not contain:      # scenario.go:217 -> github.com/raviqqe/aruba-go.InitializeScenario.func4
      """
      foo
      """
    expected stdout "foo\n" not to contain "foo"

  Scenario: Check stdout to contain an exact string # failures/stdio.feature:42
    When I successfully run `echo foo bar`          # scenario.go:204 -> github.com/raviqqe/aruba-go.runCommand
    Then the stdout should contain exactly:         # scenario.go:217 -> github.com/raviqqe/aruba-go.InitializeScenario.func4
      """
      foo
      """
    expected stdout "foo bar\n" to contain exactly "foo"

  Scenario: Check stdout not to contain a string # failures/stdio.feature:49
    When I successfully run `echo foo`           # scenario.go:204 -> github.com/raviqqe/aruba-go.runCommand
    Then the stdout should contain:              # scenario.go:217 -> github.com/raviqqe/aruba-go.InitializeScenario.func4
      """
      bar
      """
    expected stdout "foo\n" to contain "bar"

--- Failed steps:

  Scenario: Run a command successfully # failures/command.feature:3
    When I successfully run `false` # failures/command.feature:4
      Error: exit status 1

  Scenario: Check an exit status # failures/command.feature:6
    Then the exit status should not be 0 # failures/command.feature:8
      Error: expected exit code 0 not to be 0

  Scenario: Check an exit status of 1 # failures/command.feature:10
    Then the exit status should not be 1 # failures/command.feature:12
      Error: expected exit code 1 not to be 1

  Scenario: Check an exit status of 0 # failures/command.feature:14
    Then the exit status should be 1 # failures/command.feature:16
      Error: expected exit code 0 to be 1

  Scenario: Run a command interactively # failures/command.feature:18
    Then the exit status should not be 0 # failures/command.feature:20
      Error: expected exit code 0 not to be 0

  Scenario: Create a file # failures/file.feature:3
    Then a file named "foo.txt" should not contain "foo" # failures/file.feature:6
      Error: expected file "foo.txt" not to contain "foo"

  Scenario: Create a file without its content # failures/file.feature:8
    Then a file named "foo.txt" should contain "foo" # failures/file.feature:11
      Error: expected file "foo.txt" to contain "foo"

  Scenario: Create a file with a doc-string # failures/file.feature:13
    Then a file named "foo.txt" should not contain "foo" # failures/file.feature:19
      Error: expected file "foo.txt" not to contain "foo"

  Scenario: Create a file with an empty doc-string # failures/file.feature:21
    Then a file named "foo.txt" should contain "foo" # failures/file.feature:27
      Error: expected file "foo.txt" to contain "foo"

  Scenario: Create a file with a content type # failures/file.feature:29
    Then the stdout should not contain "foo" # failures/file.feature:35
      Error: expected stdout "foo\n" not to contain "foo"

  Scenario: Check file existence # failures/file.feature:37
    Then a file named "foo.txt" should not exist # failures/file.feature:39
      Error: file "foo.txt" should not exist

  Scenario: Check file existence # failures/file.feature:37
    Then the file named "foo.txt" should not exist # failures/file.feature:39
      Error: file "foo.txt" should not exist

  Scenario: Create a directory # failures/file.feature:46
    Then the directory named "foo" should not exist # failures/file.feature:48
      Error: directory "foo" should not exist

  Scenario: Check a file to contain a string # failures/file.feature:52
    Then a file named "foo.txt" should not contain "foo" # failures/file.feature:57
      Error: expected file "foo.txt" not to contain "foo"

  Scenario: Check a file not to contain a string # failures/file.feature:59
    Then a file named "foo.txt" should contain "bar" # failures/file.feature:64
      Error: expected file "foo.txt" to contain "bar"

  Scenario: Check a file to contain a string # failures/file.feature:68
    Then a file named "foo.txt" should not contain: # failures/file.feature:76
      Error: expected file "foo.txt" not to contain "b\nc"

  Scenario: Check a file to contain an exact string # failures/file.feature:82
    Then a file named "foo.txt" should not contain exactly: # failures/file.feature:88
      Error: expected file "foo.txt" not to contain exactly "a\nb"

  Scenario: Check a file to contain an exact string with trailing spaces # failures/file.feature:94
    Then a file named "foo.txt" should not contain exactly: # failures/file.feature:100
      Error: expected file "foo.txt" not to contain exactly "a"

  Scenario: Check a file not to contain a string # failures/file.feature:105
    Then a file named "foo.txt" should contain: # failures/file.feature:111
      Error: expected file "foo.txt" to contain "a\nc"

  Scenario: Check a file to contain a newline # failures/file.feature:117
    Then a file named "foo.txt" should not contain "a\n" # failures/file.feature:122
      Error: expected file "foo.txt" not to contain "a\n"

  Scenario: Check a file to contain two newlines # failures/file.feature:124
    And a file named "foo.txt" should contain "a\n\n" # failures/file.feature:132
      Error: expected file "foo.txt" to contain "a\n\n"

  Scenario: Check a file to contain two newlines # failures/file.feature:134
    Then a file named "foo.txt" should not contain "  a" # failures/file.feature:139
      Error: expected file "foo.txt" not to contain "  a"

  Scenario: Check stderr # failures/stdio.feature:3
    Then the stderr should not contain "file" # failures/stdio.feature:5
      Error: expected stderr "rm: foo: No such file or directory\n" not to contain "file"

  Scenario: Check stdout with a blank character # failures/stdio.feature:7
    Then the stdout should not contain "\n" # failures/stdio.feature:9
      Error: expected stdout "foo\n" not to contain "\n"

  Scenario: Check stdout to contain nothing # failures/stdio.feature:11
    Then the stdout should not contain "" # failures/stdio.feature:13
      Error: expected stdout "foo\n" not to contain ""

  Scenario: Check stdout to contain exactly nothing # failures/stdio.feature:15
    Then the stdout should not contain exactly "" # failures/stdio.feature:17
      Error: expected stdout "\n" not to contain exactly ""

  Scenario: Check stdout to contain a string # failures/stdio.feature:21
    Then the stdout should not contain "foo" # failures/stdio.feature:23
      Error: expected stdout "foo\n" not to contain "foo"

  Scenario: Check stdout to contain an exact string # failures/stdio.feature:25
    Then the stdout should contain exactly "foo" # failures/stdio.feature:27
      Error: expected stdout "foo bar\n" to contain exactly "foo"

  Scenario: Check stdout not to contain a string # failures/stdio.feature:29
    Then the stdout should contain "bar" # failures/stdio.feature:31
      Error: expected stdout "foo\n" to contain "bar"

  Scenario: Check stdout to contain a string # failures/stdio.feature:35
    Then the stdout should not contain: # failures/stdio.feature:37
      Error: expected stdout "foo\n" not to contain "foo"

  Scenario: Check stdout to contain an exact string # failures/stdio.feature:42
    Then the stdout should contain exactly: # failures/stdio.feature:44
      Error: expected stdout "foo bar\n" to contain exactly "foo"

  Scenario: Check stdout not to contain a string # failures/stdio.feature:49
    Then the stdout should contain: # failures/stdio.feature:51
      Error: expected stdout "foo\n" to contain "bar"


32 scenarios (32 failed)
69 steps (37 passed, 32 failed)

---
